parent1 destroyed (unreachable)
child1 destroyed (anchor)
case 1: both dropped, both destroyed
obj destroyed (unreachable)
hook for obj ran
case 2: obj dropped, obj and its hook destroyed
parent2 destroyed (unreachable)
child2 destroyed (anchor)
case 3: both dropped, both destroyed
parent3 destroyed (anchor)
child3 destroyed (anchor)
end of program; nothing is left alive
